###############################################################################
#
# IAR ELF Linker V8.40.2.214/W32 for ARM                  29/Aug/2021  20:24:39
# Copyright 2007-2019 IAR Systems AB.
#
#    Output file  =
#        D:\Work\MyProject\STM32_Project\STM32F407_WIFI_SENSOR\EWARM\STM32F407_WIFI_SENSOR\Exe\STM32F407_WIFI_SENSOR.out
#    Map file     =
#        D:\Work\MyProject\STM32_Project\STM32F407_WIFI_SENSOR\EWARM\STM32F407_WIFI_SENSOR\List\STM32F407_WIFI_SENSOR.map
#    Command line =
#        -f C:\Users\jangs\AppData\Local\Temp\EWEF3E.tmp
#        (D:\Work\MyProject\STM32_Project\STM32F407_WIFI_SENSOR\EWARM\STM32F407_WIFI_SENSOR\Obj\CircularQueue.o
#        D:\Work\MyProject\STM32_Project\STM32F407_WIFI_SENSOR\EWARM\STM32F407_WIFI_SENSOR\Obj\gpio.o
#        D:\Work\MyProject\STM32_Project\STM32F407_WIFI_SENSOR\EWARM\STM32F407_WIFI_SENSOR\Obj\LedBlink.o
#        D:\Work\MyProject\STM32_Project\STM32F407_WIFI_SENSOR\EWARM\STM32F407_WIFI_SENSOR\Obj\main.o
#        D:\Work\MyProject\STM32_Project\STM32F407_WIFI_SENSOR\EWARM\STM32F407_WIFI_SENSOR\Obj\startup_stm32f407xx.o
#        D:\Work\MyProject\STM32_Project\STM32F407_WIFI_SENSOR\EWARM\STM32F407_WIFI_SENSOR\Obj\stm32f4xx_hal.o
#        D:\Work\MyProject\STM32_Project\STM32F407_WIFI_SENSOR\EWARM\STM32F407_WIFI_SENSOR\Obj\stm32f4xx_hal_cortex.o
#        D:\Work\MyProject\STM32_Project\STM32F407_WIFI_SENSOR\EWARM\STM32F407_WIFI_SENSOR\Obj\stm32f4xx_hal_dma.o
#        D:\Work\MyProject\STM32_Project\STM32F407_WIFI_SENSOR\EWARM\STM32F407_WIFI_SENSOR\Obj\stm32f4xx_hal_dma_ex.o
#        D:\Work\MyProject\STM32_Project\STM32F407_WIFI_SENSOR\EWARM\STM32F407_WIFI_SENSOR\Obj\stm32f4xx_hal_exti.o
#        D:\Work\MyProject\STM32_Project\STM32F407_WIFI_SENSOR\EWARM\STM32F407_WIFI_SENSOR\Obj\stm32f4xx_hal_flash.o
#        D:\Work\MyProject\STM32_Project\STM32F407_WIFI_SENSOR\EWARM\STM32F407_WIFI_SENSOR\Obj\stm32f4xx_hal_flash_ex.o
#        D:\Work\MyProject\STM32_Project\STM32F407_WIFI_SENSOR\EWARM\STM32F407_WIFI_SENSOR\Obj\stm32f4xx_hal_flash_ramfunc.o
#        D:\Work\MyProject\STM32_Project\STM32F407_WIFI_SENSOR\EWARM\STM32F407_WIFI_SENSOR\Obj\stm32f4xx_hal_gpio.o
#        D:\Work\MyProject\STM32_Project\STM32F407_WIFI_SENSOR\EWARM\STM32F407_WIFI_SENSOR\Obj\stm32f4xx_hal_msp.o
#        D:\Work\MyProject\STM32_Project\STM32F407_WIFI_SENSOR\EWARM\STM32F407_WIFI_SENSOR\Obj\stm32f4xx_hal_pcd.o
#        D:\Work\MyProject\STM32_Project\STM32F407_WIFI_SENSOR\EWARM\STM32F407_WIFI_SENSOR\Obj\stm32f4xx_hal_pcd_ex.o
#        D:\Work\MyProject\STM32_Project\STM32F407_WIFI_SENSOR\EWARM\STM32F407_WIFI_SENSOR\Obj\stm32f4xx_hal_pwr.o
#        D:\Work\MyProject\STM32_Project\STM32F407_WIFI_SENSOR\EWARM\STM32F407_WIFI_SENSOR\Obj\stm32f4xx_hal_pwr_ex.o
#        D:\Work\MyProject\STM32_Project\STM32F407_WIFI_SENSOR\EWARM\STM32F407_WIFI_SENSOR\Obj\stm32f4xx_hal_rcc.o
#        D:\Work\MyProject\STM32_Project\STM32F407_WIFI_SENSOR\EWARM\STM32F407_WIFI_SENSOR\Obj\stm32f4xx_hal_rcc_ex.o
#        D:\Work\MyProject\STM32_Project\STM32F407_WIFI_SENSOR\EWARM\STM32F407_WIFI_SENSOR\Obj\stm32f4xx_hal_tim.o
#        D:\Work\MyProject\STM32_Project\STM32F407_WIFI_SENSOR\EWARM\STM32F407_WIFI_SENSOR\Obj\stm32f4xx_hal_tim_ex.o
#        D:\Work\MyProject\STM32_Project\STM32F407_WIFI_SENSOR\EWARM\STM32F407_WIFI_SENSOR\Obj\stm32f4xx_hal_uart.o
#        D:\Work\MyProject\STM32_Project\STM32F407_WIFI_SENSOR\EWARM\STM32F407_WIFI_SENSOR\Obj\stm32f4xx_it.o
#        D:\Work\MyProject\STM32_Project\STM32F407_WIFI_SENSOR\EWARM\STM32F407_WIFI_SENSOR\Obj\stm32f4xx_ll_usb.o
#        D:\Work\MyProject\STM32_Project\STM32F407_WIFI_SENSOR\EWARM\STM32F407_WIFI_SENSOR\Obj\system_stm32f4xx.o
#        D:\Work\MyProject\STM32_Project\STM32F407_WIFI_SENSOR\EWARM\STM32F407_WIFI_SENSOR\Obj\tim.o
#        D:\Work\MyProject\STM32_Project\STM32F407_WIFI_SENSOR\EWARM\STM32F407_WIFI_SENSOR\Obj\usart.o
#        D:\Work\MyProject\STM32_Project\STM32F407_WIFI_SENSOR\EWARM\STM32F407_WIFI_SENSOR\Obj\usb_device.o
#        D:\Work\MyProject\STM32_Project\STM32F407_WIFI_SENSOR\EWARM\STM32F407_WIFI_SENSOR\Obj\usbd_cdc.o
#        D:\Work\MyProject\STM32_Project\STM32F407_WIFI_SENSOR\EWARM\STM32F407_WIFI_SENSOR\Obj\usbd_cdc_if.o
#        D:\Work\MyProject\STM32_Project\STM32F407_WIFI_SENSOR\EWARM\STM32F407_WIFI_SENSOR\Obj\usbd_conf.o
#        D:\Work\MyProject\STM32_Project\STM32F407_WIFI_SENSOR\EWARM\STM32F407_WIFI_SENSOR\Obj\usbd_core.o
#        D:\Work\MyProject\STM32_Project\STM32F407_WIFI_SENSOR\EWARM\STM32F407_WIFI_SENSOR\Obj\usbd_ctlreq.o
#        D:\Work\MyProject\STM32_Project\STM32F407_WIFI_SENSOR\EWARM\STM32F407_WIFI_SENSOR\Obj\usbd_desc.o
#        D:\Work\MyProject\STM32_Project\STM32F407_WIFI_SENSOR\EWARM\STM32F407_WIFI_SENSOR\Obj\usbd_ioreq.o
#        D:\Work\MyProject\STM32_Project\STM32F407_WIFI_SENSOR\EWARM\STM32F407_WIFI_SENSOR\Obj\WiFi.o
#        --no_out_extension -o
#        D:\Work\MyProject\STM32_Project\STM32F407_WIFI_SENSOR\EWARM\STM32F407_WIFI_SENSOR\Exe\STM32F407_WIFI_SENSOR.out
#        --redirect _Printf=_PrintfFullNoMb --redirect _Scanf=_ScanfFullNoMb
#        --map
#        D:\Work\MyProject\STM32_Project\STM32F407_WIFI_SENSOR\EWARM\STM32F407_WIFI_SENSOR\List\STM32F407_WIFI_SENSOR.map
#        --config
#        D:\Work\MyProject\STM32_Project\STM32F407_WIFI_SENSOR\EWARM/stm32f407xx_flash.icf
#        --semihosting --entry __iar_program_start --redirect
#        __iar_sh_stdout=__iar_sh_stdout_swo --vfe --text_out locale)
#
###############################################################################

*******************************************************************************
*** RUNTIME MODEL ATTRIBUTES
***

CppFlavor       = *
__Heap_Handler  = Basic
__SystemLibrary = DLib
__dlib_version  = 6


*******************************************************************************
*** HEAP SELECTION
***

The basic heap was selected because no calls to memory allocation
functions were found in the application outside of system library
functions, and there are calls to deallocation functions in the
application.


*******************************************************************************
*** PLACEMENT SUMMARY
***

"A0":  place at address 0x800'0000 { ro section .intvec };
"P1":  place in [from 0x800'0000 to 0x80f'ffff] { ro };
define block CSTACK with size = 1K, alignment = 8 { };
define block HEAP with size = 512, alignment = 8 { };
"P2":  place in [from 0x2000'0000 to 0x2001'ffff] {
          rw, block CSTACK, block HEAP };
initialize by copy { rw };

  Section            Kind         Address    Size  Object
  -------            ----         -------    ----  ------
"A0":                                       0x188
  .intvec            ro code   0x800'0000   0x188  startup_stm32f407xx.o [1]
                             - 0x800'0188   0x188

"P1":                                      0x7545
  .text              ro code   0x800'0188   0xfc6  xprintffull_nomb.o [2]
  .text              ro code   0x800'114e    0x3a  zero_init3.o [4]
  .text              ro code   0x800'1188    0x16  strchr.o [4]
  .text              ro code   0x800'119e     0xa  xsprout.o [2]
  .text              ro code   0x800'11a8    0x40  xfail_s.o [2]
  .text              ro code   0x800'11e8    0x14  strlen_small.o [4]
  .text              ro code   0x800'11fc    0x58  memchr.o [4]
  .text              ro code   0x800'1254    0x18  ABImemcpy_small.o [4]
  .text              ro code   0x800'126c    0x70  frexp.o [3]
  .text              ro code   0x800'12dc    0x2e  DblCmpLe.o [3]
  .rodata            const     0x800'130a     0x2  xlocale_c.o [2]
  .text              ro code   0x800'130c    0x2e  DblCmpGe.o [3]
  .rodata            const     0x800'133a     0x1  xlocale_c.o [2]
  .text              ro code   0x800'133c   0x13a  ldexp.o [3]
  .text              ro code   0x800'1478    0x3a  DblToS32.o [3]
  .text              ro code   0x800'14b4    0x22  S32ToDbl.o [3]
  .text              ro code   0x800'14d8    0xe2  DblSub.o [3]
  .text              ro code   0x800'15bc   0x246  DblDiv.o [3]
  .text              ro code   0x800'1804    0x28  DblToU32.o [3]
  .text              ro code   0x800'182c    0x1a  U32ToDbl.o [3]
  .text              ro code   0x800'1848   0x1a2  DblMul.o [3]
  .text              ro code   0x800'19ec     0x8  xlocale_c.o [2]
  .text              ro code   0x800'19f4   0x106  I64DivMod_small.o [4]
  .text              ro code   0x800'1afa     0x6  abort.o [2]
  .text              ro code   0x800'1b00   0x16a  DblAdd.o [3]
  .text              ro code   0x800'1c6c     0x2  I64DivZer.o [4]
  .text              ro code   0x800'1c70    0x14  exit.o [5]
  .text              ro code   0x800'1c84   0x950  stm32f4xx_ll_usb.o [1]
  .text              ro code   0x800'25d4    0x28  stm32f4xx_hal.o [1]
  .text              ro code   0x800'25fc     0xc  stm32f4xx_hal.o [1]
  .text              ro code   0x800'2608   0x836  stm32f4xx_hal_pcd.o [1]
  .text              ro code   0x800'2e40   0x250  usbd_conf.o [1]
  .text              ro code   0x800'3090    0x4c  stm32f4xx_hal_pcd_ex.o [1]
  .text              ro code   0x800'30dc   0x1b4  stm32f4xx_hal_rcc.o [1]
  .text              ro code   0x800'3290     0x6  ABImemclr4.o [4]
  .text              ro code   0x800'3298   0x200  stm32f4xx_hal_gpio.o [1]
  .text              ro code   0x800'3498    0xc4  stm32f4xx_hal_cortex.o [1]
  .text              ro code   0x800'355c   0x2d2  usbd_core.o [1]
  .text              ro code   0x800'3830   0x23c  main.o [1]
  .text              ro code   0x800'3a6c    0x40  stm32f4xx_hal.o [1]
  .text              ro code   0x800'3aac    0x32  ABImemset48.o [4]
  .text              ro code   0x800'3ae0   0x488  usbd_ctlreq.o [1]
  .text              ro code   0x800'3f68    0x60  usbd_ioreq.o [1]
  .text              ro code   0x800'3fc8    0x34  stm32f4xx_hal.o [1]
  .text              ro code   0x800'3ffc    0xe2  gpio.o [1]
  .text              ro code   0x800'40e0    0xac  tim.o [1]
  .text              ro code   0x800'418c   0x7f8  usart.o [1]
  .text              ro code   0x800'4984    0x54  usb_device.o [1]
  .text              ro code   0x800'49d8   0x420  stm32f4xx_hal_tim.o [1]
  .text              ro code   0x800'4df8    0x40  LedBlink.o [1]
  .text              ro code   0x800'4e38   0x5ec  stm32f4xx_hal_uart.o [1]
  .text              ro code   0x800'5424   0x820  WiFi.o [1]
  .text              ro code   0x800'5c44   0x31c  stm32f4xx_hal_rcc.o [1]
  .text              ro code   0x800'5f60    0x38  stm32f4xx_hal_msp.o [1]
  .text              ro code   0x800'5f98    0x14  memset.o [4]
  .text              ro code   0x800'5fac    0x8c  stm32f4xx_hal_tim_ex.o [1]
  .text              ro code   0x800'6038   0x138  CircularQueue.o [1]
  .text              ro code   0x800'6170    0xcc  usbd_cdc_if.o [1]
  .text              ro code   0x800'623c    0x28  printf.o [2]
  .text              ro code   0x800'6264    0x34  vsprintf.o [2]
  .text              ro code   0x800'6298   0x308  usbd_cdc.o [1]
  .text              ro code   0x800'65a0     0x2  stm32f4xx_hal_tim.o [1]
  .text              ro code   0x800'65a2     0x2  stm32f4xx_hal_tim.o [1]
  .text              ro code   0x800'65a4    0x78  stm32f4xx_it.o [1]
  .text              ro code   0x800'661c     0x2  stm32f4xx_hal_tim_ex.o [1]
  .text              ro code   0x800'661e     0x2  stm32f4xx_hal_tim.o [1]
  .text              ro code   0x800'6620     0x2  stm32f4xx_hal_tim_ex.o [1]
  .text              ro code   0x800'6622     0x2  stm32f4xx_hal_tim.o [1]
  .text              ro code   0x800'6624    0xc2  stm32f4xx_hal_dma.o [1]
  .text              ro code   0x800'66e6     0x2  stm32f4xx_hal_uart.o [1]
  .text              ro code   0x800'66e8     0x2  stm32f4xx_hal_uart.o [1]
  .text              ro code   0x800'66ec    0x40  sprintf.o [2]
  .text              ro code   0x800'672c    0x28  strncmp.o [2]
  .text              ro code   0x800'6754     0x6  ABImemclr.o [4]
  .text              ro code   0x800'675c    0x66  ABImemset.o [4]
  .text              ro code   0x800'67c4    0x10  stm32f4xx_hal.o [1]
  .rodata            const     0x800'67d4   0x1fc  WiFi.o [1]
  .text              ro code   0x800'69d0   0x138  heap0.o [2]
  .text              ro code   0x800'6b08    0x2c  xgetmemchunk.o [2]
  .text              ro code   0x800'6b34   0x100  usbd_desc.o [1]
  .text              ro code   0x800'6c34    0xd8  xfspos.o [2]
  .text              ro code   0x800'6d0c    0xac  fflush.o [2]
  .text              ro code   0x800'6db8     0xc  xfgpos.o [2]
  .text              ro code   0x800'6dc4    0x4a  lseek.o [5]
  .text              ro code   0x800'6e0e    0x10  write.o [5]
  .text              ro code   0x800'6e20    0xcc  XShHandles.o [2]
  .text              ro code   0x800'6eec    0x1e  dwrite.o [5]
  .text              ro code   0x800'6f0c    0x50  iarwstdswo.o [5]
  .text              ro code   0x800'6f5c    0x22  iarwrite.o [5]
  .text              ro code   0x800'6f7e    0xb4  xfwprep.o [2]
  .text              ro code   0x800'7032    0x24  fseek.o [2]
  .text              ro code   0x800'7058    0x9c  xfofind.o [2]
  .text              ro code   0x800'70f4     0x4  heaptramp0.o [2]
  .text              ro code   0x800'70f8    0x7e  fclose.o [2]
  .text              ro code   0x800'7176    0x18  close.o [5]
  .text              ro code   0x800'718e    0x14  remove.o [5]
  .text              ro code   0x800'71a2    0x78  lz77_init_single.o [4]
  .text              ro code   0x800'721a    0x54  fputc.o [2]
  .text              ro code   0x800'7270    0x3c  xcloseall.o [2]
  .text              ro code   0x800'72ac    0x28  data_init.o [4]
  .rodata            const     0x800'72d4    0x24  usart.o [1]
  .text              ro code   0x800'72f8    0x22  fpinit_M.o [3]
  .iar.init_table    const     0x800'731c    0x20  - Linker created -
  .text              ro code   0x800'733c    0x20  system_stm32f4xx.o [1]
  .text              ro code   0x800'735c    0x1e  cmain.o [4]
  .text              ro code   0x800'737a     0x4  low_level_init.o [2]
  .text              ro code   0x800'737e     0x4  exit.o [2]
  .text              ro code   0x800'7384     0xe  cexit.o [4]
  .rodata            const     0x800'7394    0x18  WiFi.o [1]
  .text              ro code   0x800'73ac    0x16  xprout.o [2]
  .text              ro code   0x800'73c4     0xc  putchar.o [2]
  .rodata            const     0x800'73d0    0x14  WiFi.o [1]
  .rodata            const     0x800'73e4    0x10  WiFi.o [1]
  .text              ro code   0x800'73f4    0x10  startup_stm32f407xx.o [1]
  .rodata            const     0x800'7404     0xc  WiFi.o [1]
  .rodata            const     0x800'7410     0xc  WiFi.o [1]
  .rodata            const     0x800'741c     0xc  WiFi.o [1]
  .rodata            const     0x800'7428     0xc  WiFi.o [1]
  .text              ro code   0x800'7434     0xc  cstartup_M.o [4]
  .rodata            const     0x800'7440     0x8  system_stm32f4xx.o [1]
  .rodata            const     0x800'7448     0x8  WiFi.o [1]
  .rodata            const     0x800'7450     0x8  WiFi.o [1]
  .rodata            const     0x800'7458     0x8  WiFi.o [1]
  .rodata            const     0x800'7460     0x8  xprintffull_nomb.o [2]
  .text              ro code   0x800'7468     0x4  startup_stm32f407xx.o [1]
  .text              ro code   0x800'746c     0x4  startup_stm32f407xx.o [1]
  .text              ro code   0x800'7470     0x4  startup_stm32f407xx.o [1]
  .text              ro code   0x800'7474     0x4  startup_stm32f407xx.o [1]
  .text              ro code   0x800'7478     0x4  startup_stm32f407xx.o [1]
  .text              ro code   0x800'747c     0x4  startup_stm32f407xx.o [1]
  .text              ro code   0x800'7480     0x4  startup_stm32f407xx.o [1]
  .text              ro code   0x800'7484     0x4  startup_stm32f407xx.o [1]
  .text              ro code   0x800'7488     0x4  startup_stm32f407xx.o [1]
  .text              ro code   0x800'748c     0x4  startup_stm32f407xx.o [1]
  .text              ro code   0x800'7490     0x4  startup_stm32f407xx.o [1]
  .text              ro code   0x800'7494     0x4  startup_stm32f407xx.o [1]
  .text              ro code   0x800'7498     0x4  startup_stm32f407xx.o [1]
  .text              ro code   0x800'749c     0x4  startup_stm32f407xx.o [1]
  .text              ro code   0x800'74a0     0x4  startup_stm32f407xx.o [1]
  .text              ro code   0x800'74a4     0x4  startup_stm32f407xx.o [1]
  .text              ro code   0x800'74a8     0x4  startup_stm32f407xx.o [1]
  .text              ro code   0x800'74ac     0x4  startup_stm32f407xx.o [1]
  .text              ro code   0x800'74b0     0x4  startup_stm32f407xx.o [1]
  .text              ro code   0x800'74b4     0x4  startup_stm32f407xx.o [1]
  .text              ro code   0x800'74b8     0x4  startup_stm32f407xx.o [1]
  .text              ro code   0x800'74bc     0x4  startup_stm32f407xx.o [1]
  .text              ro code   0x800'74c0     0x4  startup_stm32f407xx.o [1]
  .text              ro code   0x800'74c4     0x4  startup_stm32f407xx.o [1]
  .text              ro code   0x800'74c8     0x4  startup_stm32f407xx.o [1]
  .text              ro code   0x800'74cc     0x4  startup_stm32f407xx.o [1]
  .text              ro code   0x800'74d0     0x4  startup_stm32f407xx.o [1]
  .text              ro code   0x800'74d4     0x4  startup_stm32f407xx.o [1]
  .text              ro code   0x800'74d8     0x4  startup_stm32f407xx.o [1]
  .text              ro code   0x800'74dc     0x4  startup_stm32f407xx.o [1]
  .text              ro code   0x800'74e0     0x4  startup_stm32f407xx.o [1]
  .text              ro code   0x800'74e4     0x4  startup_stm32f407xx.o [1]
  .text              ro code   0x800'74e8     0x4  startup_stm32f407xx.o [1]
  .text              ro code   0x800'74ec     0x4  startup_stm32f407xx.o [1]
  .text              ro code   0x800'74f0     0x4  startup_stm32f407xx.o [1]
  .text              ro code   0x800'74f4     0x4  startup_stm32f407xx.o [1]
  .text              ro code   0x800'74f8     0x4  startup_stm32f407xx.o [1]
  .text              ro code   0x800'74fc     0x4  startup_stm32f407xx.o [1]
  .text              ro code   0x800'7500     0x4  startup_stm32f407xx.o [1]
  .text              ro code   0x800'7504     0x4  startup_stm32f407xx.o [1]
  .text              ro code   0x800'7508     0x4  startup_stm32f407xx.o [1]
  .text              ro code   0x800'750c     0x4  startup_stm32f407xx.o [1]
  .text              ro code   0x800'7510     0x4  startup_stm32f407xx.o [1]
  .text              ro code   0x800'7514     0x4  startup_stm32f407xx.o [1]
  .text              ro code   0x800'7518     0x4  startup_stm32f407xx.o [1]
  .text              ro code   0x800'751c     0x4  startup_stm32f407xx.o [1]
  .text              ro code   0x800'7520     0x4  startup_stm32f407xx.o [1]
  .text              ro code   0x800'7524     0x4  startup_stm32f407xx.o [1]
  .text              ro code   0x800'7528     0x4  startup_stm32f407xx.o [1]
  .text              ro code   0x800'752c     0x4  startup_stm32f407xx.o [1]
  .text              ro code   0x800'7530     0x4  startup_stm32f407xx.o [1]
  .text              ro code   0x800'7534     0x4  startup_stm32f407xx.o [1]
  .text              ro code   0x800'7538     0x4  startup_stm32f407xx.o [1]
  .text              ro code   0x800'753c     0x4  startup_stm32f407xx.o [1]
  .text              ro code   0x800'7540     0x4  startup_stm32f407xx.o [1]
  .text              ro code   0x800'7544     0x4  startup_stm32f407xx.o [1]
  .text              ro code   0x800'7548     0x4  startup_stm32f407xx.o [1]
  .text              ro code   0x800'754c     0x4  startup_stm32f407xx.o [1]
  .text              ro code   0x800'7550     0x4  startup_stm32f407xx.o [1]
  .text              ro code   0x800'7554     0x4  startup_stm32f407xx.o [1]
  .text              ro code   0x800'7558     0x4  startup_stm32f407xx.o [1]
  .text              ro code   0x800'755c     0x4  startup_stm32f407xx.o [1]
  .text              ro code   0x800'7560     0x4  startup_stm32f407xx.o [1]
  .text              ro code   0x800'7564     0x4  startup_stm32f407xx.o [1]
  .text              ro code   0x800'7568     0x4  startup_stm32f407xx.o [1]
  .text              ro code   0x800'756c     0x4  startup_stm32f407xx.o [1]
  .text              ro code   0x800'7570     0x4  startup_stm32f407xx.o [1]
  .text              ro code   0x800'7574     0x4  startup_stm32f407xx.o [1]
  .text              ro code   0x800'7578     0x4  startup_stm32f407xx.o [1]
  .text              ro code   0x800'757c     0x4  startup_stm32f407xx.o [1]
  .text              ro code   0x800'7580     0x4  startup_stm32f407xx.o [1]
  .text              ro code   0x800'7584     0x4  startup_stm32f407xx.o [1]
  .text              ro code   0x800'7588     0x4  startup_stm32f407xx.o [1]
  .text              ro code   0x800'758c     0x0  cstart_closeall.o [4]
  .rodata            const     0x800'758c     0x0  zero_init3.o [4]
  .rodata            const     0x800'758c     0x0  lz77_init_single.o [4]
  Initializer bytes  const     0x800'758c   0x141  <for P2-1>
                             - 0x800'76cd  0x7545

"P2", part 1 of 3:                          0x2bc
  P2-1                        0x2000'0000   0x2bc  <Init block>
    .data            inited   0x2000'0000     0xc  stm32f4xx_hal.o [1]
    .data            inited   0x2000'000c     0x4  system_stm32f4xx.o [1]
    .data            inited   0x2000'0010     0xc  usbd_cdc.o [1]
    .data            inited   0x2000'001c    0x38  usbd_cdc.o [1]
    .data            inited   0x2000'0054    0x44  usbd_cdc.o [1]
    .data            inited   0x2000'0098    0x44  usbd_cdc.o [1]
    .data            inited   0x2000'00dc    0x44  usbd_cdc.o [1]
    .data            inited   0x2000'0120     0x8  usbd_cdc_if.o [1]
    .data            inited   0x2000'0128    0x14  usbd_cdc_if.o [1]
    .data            inited   0x2000'013c    0x1c  usbd_desc.o [1]
    .data            inited   0x2000'0158    0x14  usbd_desc.o [1]
    .data            inited   0x2000'016c     0x4  usbd_desc.o [1]
    .data            inited   0x2000'0170    0x1c  usbd_desc.o [1]
    .data            inited   0x2000'018c    0x38  xlocale_c.o [2]
    .data            inited   0x2000'01c4    0x48  xfiles.o [2]
    .data            inited   0x2000'020c    0x48  xfiles.o [2]
    .data            inited   0x2000'0254    0x48  xfiles.o [2]
    .data            inited   0x2000'029c    0x20  xfiles.o [2]
                            - 0x2000'02bc   0x2bc

"P2", part 2 of 3:                         0x4d00
  .bss               zero     0x2000'02bc  0x2708  usart.o [1]
  .bss               zero     0x2000'29c4  0x1000  usbd_cdc_if.o [1]
  .bss               zero     0x2000'39c4   0x7d0  WiFi.o [1]
  .bss               zero     0x2000'4194   0x408  usbd_conf.o [1]
  .bss               zero     0x2000'459c   0x2d0  usb_device.o [1]
  .bss               zero     0x2000'486c   0x220  usbd_conf.o [1]
  .bss               zero     0x2000'4a8c   0x200  usbd_desc.o [1]
  .bss               zero     0x2000'4c8c    0x80  XShHandles.o [2]
  .bss               zero     0x2000'4d0c    0x5c  usart.o [1]
  .bss               zero     0x2000'4d68    0x50  xfiles.o [2]
  .bss               zero     0x2000'4db8    0x50  xfiles.o [2]
  .bss               zero     0x2000'4e08    0x48  tim.o [1]
  .bss               zero     0x2000'4e50    0x44  usart.o [1]
  .bss               zero     0x2000'4e94    0x44  usart.o [1]
  .bss               zero     0x2000'4ed8    0x44  usart.o [1]
  .bss               zero     0x2000'4f1c    0x44  usart.o [1]
  .bss               zero     0x2000'4f60    0x44  usart.o [1]
  .bss               zero     0x2000'4fa4     0x8  heap0.o [2]
  .bss               zero     0x2000'4fac     0x4  main.o [1]
  .bss               zero     0x2000'4fb0     0x4  xfail_s.o [2]
  .bss               zero     0x2000'4fb4     0x4  xgetmemchunk.o [2]
  .bss               zero     0x2000'4fb8     0x2  WiFi.o [1]
  .bss               zero     0x2000'4fba     0x1  usbd_ctlreq.o [1]
                            - 0x2000'4fbb  0x4cff

"P2", part 3 of 3:                          0x600
  CSTACK                      0x2000'4fc0   0x400  <Block>
    CSTACK           uninit   0x2000'4fc0   0x400  <Block tail>
  HEAP                        0x2000'53c0   0x200  <Block>
    HEAP             uninit   0x2000'53c0   0x200  <Block tail>
                            - 0x2000'55c0   0x600

Unused ranges:

         From           To      Size
         ----           --      ----
   0x800'76cd   0x80f'ffff  0xf'8933
  0x2000'4fbc  0x2000'4fbf       0x4
  0x2000'55c0  0x2001'ffff  0x1'aa40


*******************************************************************************
*** INIT TABLE
***

          Address      Size
          -------      ----
Zero (__iar_zero_init3)
    1 destination range, total size 0x4cff:
          0x2000'02bc  0x4cff

Copy/lz77 (__iar_lz77_init_single3)
    1 source range, total size 0x141 (45% of destination):
           0x800'758c   0x141
    1 destination range, total size 0x2bc:
          0x2000'0000   0x2bc



*******************************************************************************
*** MODULE SUMMARY
***

    Module                  ro code  ro data  rw data
    ------                  -------  -------  -------
command line/config:
    -------------------------------------------------
    Total:

D:\Work\MyProject\STM32_Project\STM32F407_WIFI_SENSOR\EWARM\STM32F407_WIFI_SENSOR\Obj: [1]
    CircularQueue.o             312
    LedBlink.o                   64
    WiFi.o                    2'080      640    2'002
    gpio.o                      226
    main.o                      572                 4
    startup_stm32f407xx.o       700
    stm32f4xx_hal.o             184        5       12
    stm32f4xx_hal_cortex.o      196
    stm32f4xx_hal_dma.o         194
    stm32f4xx_hal_gpio.o        512
    stm32f4xx_hal_msp.o          56
    stm32f4xx_hal_pcd.o       2'102
    stm32f4xx_hal_pcd_ex.o       76
    stm32f4xx_hal_rcc.o       1'232
    stm32f4xx_hal_tim.o       1'064
    stm32f4xx_hal_tim_ex.o      144
    stm32f4xx_hal_uart.o      1'520
    stm32f4xx_it.o              120
    stm32f4xx_ll_usb.o        2'384
    system_stm32f4xx.o           32       10        4
    tim.o                       172                72
    usart.o                   2'040       36   10'424
    usb_device.o                 84               720
    usbd_cdc.o                  776      125      272
    usbd_cdc_if.o               204       12    4'124
    usbd_conf.o                 592             1'576
    usbd_core.o                 722
    usbd_ctlreq.o             1'160                 1
    usbd_desc.o                 256       37      592
    usbd_ioreq.o                 96
    -------------------------------------------------
    Total:                   19'872      865   19'803

dl7M_tlf.a: [2]
    XShHandles.o                204               128
    abort.o                       6
    exit.o                        4
    fclose.o                    126
    fflush.o                    172
    fputc.o                      84
    fseek.o                      36
    heap0.o                     312                 8
    heaptramp0.o                  4
    low_level_init.o              4
    printf.o                     40
    putchar.o                    12
    sprintf.o                    64
    strncmp.o                    40
    vsprintf.o                   52
    xcloseall.o                  60
    xfail_s.o                    64                 4
    xfgpos.o                     12
    xfiles.o                             114      408
    xfofind.o                   156
    xfspos.o                    216
    xfwprep.o                   180
    xgetmemchunk.o               44                 4
    xlocale_c.o                   8       29       56
    xprintffull_nomb.o        4'038        8
    xprout.o                     22
    xsprout.o                    10
    -------------------------------------------------
    Total:                    5'970      151      608

m7M_tls.a: [3]
    DblAdd.o                    362
    DblCmpGe.o                   46
    DblCmpLe.o                   46
    DblDiv.o                    582
    DblMul.o                    418
    DblSub.o                    226
    DblToS32.o                   58
    DblToU32.o                   40
    S32ToDbl.o                   34
    U32ToDbl.o                   26
    fpinit_M.o                   34
    frexp.o                     112
    ldexp.o                     314
    -------------------------------------------------
    Total:                    2'298

rt7M_tl.a: [4]
    ABImemclr.o                   6
    ABImemclr4.o                  6
    ABImemcpy_small.o            24
    ABImemset.o                 102
    ABImemset48.o                50
    I64DivMod_small.o           262
    I64DivZer.o                   2
    cexit.o                      14
    cmain.o                      30
    cstart_closeall.o
    cstartup_M.o                 12
    data_init.o                  40
    lz77_init_single.o          120
    memchr.o                     88
    memset.o                     20
    strchr.o                     22
    strlen_small.o               20
    zero_init3.o                 58
    -------------------------------------------------
    Total:                      876

shb_l.a: [5]
    close.o                      24
    dwrite.o                     30
    exit.o                       20
    iarwrite.o                   34
    iarwstdswo.o                 80
    lseek.o                      74
    remove.o                     20
    write.o                      16
    -------------------------------------------------
    Total:                      298

    Gaps                         47        4
    Linker created                        32    1'536
-----------------------------------------------------
    Grand Total:             29'361    1'052   21'947


*******************************************************************************
*** ENTRY LIST
***

Entry                       Address    Size  Type      Object
-----                       -------    ----  ----      ------
.iar.init_table$$Base    0x800'731c           --   Gb  - Linker created -
.iar.init_table$$Limit   0x800'733c           --   Gb  - Linker created -
?main                    0x800'735d          Code  Gb  cmain.o [4]
AHBPrescTable            0x800'734c    0x10  Data  Gb  system_stm32f4xx.o [1]
APBPrescTable            0x800'7440     0x8  Data  Gb  system_stm32f4xx.o [1]
Aldata                  0x2000'4fa4     0x8  Data  Lc  heap0.o [2]
BusFault_Handler         0x800'65ab     0x2  Code  Gb  stm32f4xx_it.o [1]
CDC_Control_FS           0x800'6193    0x5e  Code  Lc  usbd_cdc_if.o [1]
CDC_DeInit_FS            0x800'618f     0x4  Code  Lc  usbd_cdc_if.o [1]
CDC_Init_FS              0x800'6171    0x1e  Code  Lc  usbd_cdc_if.o [1]
CDC_Receive_FS           0x800'61f1    0x16  Code  Lc  usbd_cdc_if.o [1]
CDC_TransmitCplt_FS      0x800'622d     0x4  Code  Lc  usbd_cdc_if.o [1]
CDC_Transmit_FS          0x800'6207    0x26  Code  Gb  usbd_cdc_if.o [1]
CMD_InitBuffer           0x800'59e1    0x1a  Code  Lc  WiFi.o [1]
CMD_PushChar             0x800'59fb    0x1e  Code  Lc  WiFi.o [1]
CQ_GetDataCount          0x800'6039    0x18  Code  Gb  CircularQueue.o [1]
CQ_GetFreeCount          0x800'6051    0x1c  Code  Gb  CircularQueue.o [1]
CQ_IncreaseHead          0x800'606d    0x12  Code  Gb  CircularQueue.o [1]
CQ_IncreaseTail          0x800'607f    0x12  Code  Gb  CircularQueue.o [1]
CQ_IsEmpty               0x800'6091    0x10  Code  Gb  CircularQueue.o [1]
CQ_IsFull                0x800'60a1    0x1a  Code  Gb  CircularQueue.o [1]
CQ_PopChar               0x800'6113    0x22  Code  Gb  CircularQueue.o [1]
CQ_PopString             0x800'6135    0x34  Code  Gb  CircularQueue.o [1]
CQ_PushChar              0x800'60bb    0x20  Code  Gb  CircularQueue.o [1]
CQ_PushString            0x800'60db    0x38  Code  Gb  CircularQueue.o [1]
CSTACK$$Base            0x2000'4fc0           --   Gb  - Linker created -
CSTACK$$Limit           0x2000'53c0           --   Gb  - Linker created -
CheckConnectingServer    0x800'54ef    0x26  Code  Gb  WiFi.o [1]
CheckReadyToSendCommand
                         0x800'5433    0x22  Code  Gb  WiFi.o [1]
ConnectAP                0x800'55b1    0x14  Code  Gb  WiFi.o [1]
ConnectServer            0x800'55c5    0x12  Code  Gb  WiFi.o [1]
DebugMon_Handler         0x800'65b1     0x2  Code  Gb  stm32f4xx_it.o [1]
EnableWatchDogForSendingData
                         0x800'54a3    0x14  Code  Gb  WiFi.o [1]
Error_Handler            0x800'3a69     0x4  Code  Gb  main.o [1]
FS_Desc                 0x2000'013c    0x1c  Data  Gb  usbd_desc.o [1]
GetBoardID               0x800'39e9    0x40  Code  Gb  main.o [1]
HAL_DMA_Abort            0x800'6625    0x78  Code  Gb  stm32f4xx_hal_dma.o [1]
HAL_DMA_Abort_IT         0x800'669d    0x24  Code  Gb  stm32f4xx_hal_dma.o [1]
HAL_Delay                0x800'25d5    0x28  Code  Wk  stm32f4xx_hal.o [1]
HAL_GPIO_Init            0x800'3299   0x1c0  Code  Gb  stm32f4xx_hal_gpio.o [1]
HAL_GPIO_ReadPin         0x800'3459     0xc  Code  Gb  stm32f4xx_hal_gpio.o [1]
HAL_GPIO_WritePin        0x800'3465     0x8  Code  Gb  stm32f4xx_hal_gpio.o [1]
HAL_GetTick              0x800'25fd     0xc  Code  Wk  stm32f4xx_hal.o [1]
HAL_IncTick              0x800'67c5    0x10  Code  Wk  stm32f4xx_hal.o [1]
HAL_Init                 0x800'3fc9    0x30  Code  Gb  stm32f4xx_hal.o [1]
HAL_InitTick             0x800'3a6d    0x40  Code  Wk  stm32f4xx_hal.o [1]
HAL_MspInit              0x800'5f61    0x38  Code  Gb  stm32f4xx_hal_msp.o [1]
HAL_NVIC_EnableIRQ       0x800'3507    0x16  Code  Gb  stm32f4xx_hal_cortex.o [1]
HAL_NVIC_SetPriority     0x800'34cd    0x3a  Code  Gb  stm32f4xx_hal_cortex.o [1]
HAL_NVIC_SetPriorityGrouping
                         0x800'34b3    0x1a  Code  Gb  stm32f4xx_hal_cortex.o [1]
HAL_PCDEx_LPM_Callback   0x800'30db     0x2  Code  Wk  stm32f4xx_hal_pcd_ex.o [1]
HAL_PCDEx_SetRxFiFo      0x800'30d3     0x8  Code  Gb  stm32f4xx_hal_pcd_ex.o [1]
HAL_PCDEx_SetTxFiFo      0x800'3091    0x42  Code  Gb  stm32f4xx_hal_pcd_ex.o [1]
HAL_PCD_ConnectCallback
                         0x800'2f65     0x8  Code  Gb  usbd_conf.o [1]
HAL_PCD_DataInStageCallback
                         0x800'2edd    0x12  Code  Gb  usbd_conf.o [1]
HAL_PCD_DataOutStageCallback
                         0x800'2ec9    0x14  Code  Gb  usbd_conf.o [1]
HAL_PCD_DisconnectCallback
                         0x800'2f6d     0x8  Code  Gb  usbd_conf.o [1]
HAL_PCD_EP_Close         0x800'2cd9    0x20  Code  Gb  stm32f4xx_hal_pcd.o [1]
HAL_PCD_EP_ClrStall      0x800'2ddb    0x2e  Code  Gb  stm32f4xx_hal_pcd.o [1]
HAL_PCD_EP_GetRxCount    0x800'2d0f    0x10  Code  Gb  stm32f4xx_hal_pcd.o [1]
HAL_PCD_EP_Open          0x800'2c83    0x56  Code  Gb  stm32f4xx_hal_pcd.o [1]
HAL_PCD_EP_Receive       0x800'2cf9    0x16  Code  Gb  stm32f4xx_hal_pcd.o [1]
HAL_PCD_EP_SetStall      0x800'2d6f    0x64  Code  Gb  stm32f4xx_hal_pcd.o [1]
HAL_PCD_EP_Transmit      0x800'2d1f    0x12  Code  Gb  stm32f4xx_hal_pcd.o [1]
HAL_PCD_IRQHandler       0x800'26f1   0x52e  Code  Gb  stm32f4xx_hal_pcd.o [1]
HAL_PCD_ISOINIncompleteCallback
                         0x800'2f5d     0x8  Code  Gb  usbd_conf.o [1]
HAL_PCD_ISOOUTIncompleteCallback
                         0x800'2f55     0x8  Code  Gb  usbd_conf.o [1]
HAL_PCD_Init             0x800'2609    0xb8  Code  Gb  stm32f4xx_hal_pcd.o [1]
HAL_PCD_MspInit          0x800'2e41    0x7c  Code  Gb  usbd_conf.o [1]
HAL_PCD_ResetCallback    0x800'2ef7    0x2c  Code  Gb  usbd_conf.o [1]
HAL_PCD_ResumeCallback   0x800'2f4d     0x8  Code  Gb  usbd_conf.o [1]
HAL_PCD_SOFCallback      0x800'2eef     0x8  Code  Gb  usbd_conf.o [1]
HAL_PCD_SetAddress       0x800'2c61    0x22  Code  Gb  stm32f4xx_hal_pcd.o [1]
HAL_PCD_SetupStageCallback
                         0x800'2ebd     0xc  Code  Gb  usbd_conf.o [1]
HAL_PCD_Start            0x800'26d9    0x18  Code  Gb  stm32f4xx_hal_pcd.o [1]
HAL_PCD_SuspendCallback
                         0x800'2f23    0x2a  Code  Gb  usbd_conf.o [1]
HAL_RCC_ClockConfig      0x800'30dd   0x100  Code  Gb  stm32f4xx_hal_rcc.o [1]
HAL_RCC_GetHCLKFreq      0x800'31e9     0x6  Code  Gb  stm32f4xx_hal_rcc.o [1]
HAL_RCC_GetPCLK1Freq     0x800'31ef    0x10  Code  Gb  stm32f4xx_hal_rcc.o [1]
HAL_RCC_GetPCLK2Freq     0x800'31ff     0xe  Code  Gb  stm32f4xx_hal_rcc.o [1]
HAL_RCC_OscConfig        0x800'5c45   0x31c  Code  Wk  stm32f4xx_hal_rcc.o [1]
HAL_SYSTICK_Config       0x800'351d    0x28  Code  Gb  stm32f4xx_hal_cortex.o [1]
HAL_TIMEx_BreakCallback
                         0x800'661d     0x2  Code  Wk  stm32f4xx_hal_tim_ex.o [1]
HAL_TIMEx_CommutCallback
                         0x800'6621     0x2  Code  Wk  stm32f4xx_hal_tim_ex.o [1]
HAL_TIMEx_MasterConfigSynchronization
                         0x800'5fad    0x6e  Code  Gb  stm32f4xx_hal_tim_ex.o [1]
HAL_TIM_Base_Init        0x800'49d9    0x1a  Code  Gb  stm32f4xx_hal_tim.o [1]
HAL_TIM_Base_MspInit     0x800'414b    0x36  Code  Gb  tim.o [1]
HAL_TIM_Base_Start_IT    0x800'49f3    0x7c  Code  Gb  stm32f4xx_hal_tim.o [1]
HAL_TIM_ConfigClockSource
                         0x800'4c01    0xaa  Code  Gb  stm32f4xx_hal_tim.o [1]
HAL_TIM_IRQHandler       0x800'4ab9   0x142  Code  Gb  stm32f4xx_hal_tim.o [1]
HAL_TIM_PeriodElapsedCallback
                         0x800'65e9     0xe  Code  Gb  stm32f4xx_it.o [1]
HAL_UART_IRQHandler      0x800'4f3d   0x264  Code  Gb  stm32f4xx_hal_uart.o [1]
HAL_UART_Init            0x800'4e39    0x1e  Code  Gb  stm32f4xx_hal_uart.o [1]
HAL_UART_MspInit         0x800'4241   0x1ee  Code  Gb  usart.o [1]
HAL_UART_Receive_IT      0x800'4ef1    0x30  Code  Gb  stm32f4xx_hal_uart.o [1]
HAL_UART_RxCpltCallback
                         0x800'4799    0x8c  Code  Gb  usart.o [1]
HAL_UART_Transmit_IT     0x800'4eaf    0x42  Code  Gb  stm32f4xx_hal_uart.o [1]
HAL_UART_TxCpltCallback
                         0x800'44b7    0x8c  Code  Gb  usart.o [1]
HEAP$$Base              0x2000'53c0           --   Gb  - Linker created -
HEAP$$Limit             0x2000'55c0           --   Gb  - Linker created -
HardFault_Handler        0x800'65a7     0x2  Code  Gb  stm32f4xx_it.o [1]
InitBlinkLLED            0x800'4df9    0x26  Code  Gb  LedBlink.o [1]
IntToUnicode             0x800'6bc5    0x26  Code  Lc  usbd_desc.o [1]
IsExpiredPingTick        0x800'54db    0x14  Code  Gb  WiFi.o [1]
IsExpiredWaitingForReconnect
                         0x800'5491    0x12  Code  Gb  WiFi.o [1]
IsExpiredWaitingForResponse
                         0x800'546b    0x26  Code  Gb  WiFi.o [1]
IsExpiredWatchDogForSendingData
                         0x800'54b7    0x24  Code  Gb  WiFi.o [1]
LineCoding              0x2000'0120     0x8  Data  Gb  usbd_cdc_if.o [1]
MX_GPIO_Init             0x800'3ffd    0xb6  Code  Gb  gpio.o [1]
MX_TIM4_Init             0x800'40e1    0x6a  Code  Gb  tim.o [1]
MX_UART4_Init            0x800'418d    0x14  Code  Gb  usart.o [1]
MX_UART5_Init            0x800'41a1    0x14  Code  Gb  usart.o [1]
MX_USART1_UART_Init      0x800'41bd    0x2c  Code  Gb  usart.o [1]
MX_USART2_UART_Init      0x800'41e9    0x14  Code  Gb  usart.o [1]
MX_USART3_UART_Init      0x800'4219    0x14  Code  Gb  usart.o [1]
MX_USART6_UART_Init      0x800'422d    0x14  Code  Gb  usart.o [1]
MX_USB_DEVICE_Init       0x800'4985    0x54  Code  Gb  usb_device.o [1]
MemManage_Handler        0x800'65a9     0x2  Code  Gb  stm32f4xx_it.o [1]
NMI_Handler              0x800'65a5     0x2  Code  Gb  stm32f4xx_it.o [1]
OTG_FS_IRQHandler        0x800'65dd     0x6  Code  Gb  stm32f4xx_it.o [1]
ParseReceiveData         0x800'566f   0x262  Code  Gb  WiFi.o [1]
PendSV_Handler           0x800'65b3     0x2  Code  Gb  stm32f4xx_it.o [1]
Region$$Table$$Base      0x800'731c           --   Gb  - Linker created -
Region$$Table$$Limit     0x800'733c           --   Gb  - Linker created -
SVC_Handler              0x800'65af     0x2  Code  Gb  stm32f4xx_it.o [1]
SWAPBYTE                 0x800'3ae1     0xa  Code  Lc  usbd_ctlreq.o [1]
SendWiFiCommand          0x800'5515    0x9c  Code  Gb  WiFi.o [1]
SetDelayingToSendCommand
                         0x800'5425     0xe  Code  Gb  WiFi.o [1]
SetWaitingForResponse    0x800'5455    0x16  Code  Gb  WiFi.o [1]
SetupBlinkLED            0x800'4e1f    0x1a  Code  Gb  LedBlink.o [1]
SysTick_Handler          0x800'65b5     0x4  Code  Gb  stm32f4xx_it.o [1]
SystemClock_Config       0x800'394b    0x9e  Code  Gb  main.o [1]
SystemCoreClock         0x2000'000c     0x4  Data  Gb  system_stm32f4xx.o [1]
SystemInit               0x800'733d     0xc  Code  Gb  system_stm32f4xx.o [1]
TIM4_IRQHandler          0x800'65b9     0x6  Code  Gb  stm32f4xx_it.o [1]
TIM_Base_SetConfig       0x800'4cc5    0x96  Code  Gb  stm32f4xx_hal_tim.o [1]
TIM_ETR_SetConfig        0x800'4ddf    0x14  Code  Gb  stm32f4xx_hal_tim.o [1]
TIM_ITRx_SetConfig       0x800'4dcf    0x10  Code  Lc  stm32f4xx_hal_tim.o [1]
TIM_TI1_ConfigInputStage
                         0x800'4d8d    0x1e  Code  Lc  stm32f4xx_hal_tim.o [1]
TIM_TI2_ConfigInputStage
                         0x800'4dab    0x24  Code  Lc  stm32f4xx_hal_tim.o [1]
UART4_IRQHandler         0x800'65d1     0x6  Code  Gb  stm32f4xx_it.o [1]
UART5_IRQHandler         0x800'65d7     0x6  Code  Gb  stm32f4xx_it.o [1]
UART_CheckReceiveTimeout
                         0x800'4825    0x3c  Code  Gb  usart.o [1]
UART_DMAAbortOnError     0x800'527d     0xc  Code  Lc  stm32f4xx_hal_uart.o [1]
UART_EndRxTransfer       0x800'5233    0x2a  Code  Lc  stm32f4xx_hal_uart.o [1]
UART_Init                0x800'4491    0x26  Code  Gb  usart.o [1]
UART_RX_DefaultProc      0x800'459f   0x1d4  Code  Gb  usart.o [1]
UART_Receive_IT          0x800'5289    0xaa  Code  Lc  stm32f4xx_hal_uart.o [1]
UART_SetConfig           0x800'535d    0xae  Code  Lc  stm32f4xx_hal_uart.o [1]
UART_Start_Receive_IT    0x800'51e5    0x36  Code  Gb  stm32f4xx_hal_uart.o [1]
UART_TX_DefaultProc      0x800'4543    0x5c  Code  Gb  usart.o [1]
USART1_IRQHandler        0x800'65bf     0x6  Code  Gb  stm32f4xx_it.o [1]
USART2_IRQHandler        0x800'65c5     0x6  Code  Gb  stm32f4xx_it.o [1]
USART3_IRQHandler        0x800'65cb     0x6  Code  Gb  stm32f4xx_it.o [1]
USART6_IRQHandler        0x800'65e3     0x6  Code  Gb  stm32f4xx_it.o [1]
USBD_CDC                0x2000'001c    0x38  Data  Gb  usbd_cdc.o [1]
USBD_CDC_CfgFSDesc      0x2000'0098    0x44  Data  Lc  usbd_cdc.o [1]
USBD_CDC_CfgHSDesc      0x2000'0054    0x44  Data  Lc  usbd_cdc.o [1]
USBD_CDC_DataIn          0x800'6433    0x62  Code  Lc  usbd_cdc.o [1]
USBD_CDC_DataOut         0x800'6495    0x28  Code  Lc  usbd_cdc.o [1]
USBD_CDC_DeInit          0x800'6333    0x4a  Code  Lc  usbd_cdc.o [1]
USBD_CDC_DeviceQualifierDesc
                        0x2000'0010     0xc  Data  Lc  usbd_cdc.o [1]
USBD_CDC_EP0_RxReady     0x800'64bd    0x2c  Code  Lc  usbd_cdc.o [1]
USBD_CDC_GetDeviceQualifierDescriptor
                         0x800'6501     0x8  Code  Gb  usbd_cdc.o [1]
USBD_CDC_GetFSCfgDesc    0x800'64e9     0x8  Code  Lc  usbd_cdc.o [1]
USBD_CDC_GetHSCfgDesc    0x800'64f1     0x8  Code  Lc  usbd_cdc.o [1]
USBD_CDC_GetOtherSpeedCfgDesc
                         0x800'64f9     0x8  Code  Lc  usbd_cdc.o [1]
USBD_CDC_Init            0x800'6299    0x90  Code  Lc  usbd_cdc.o [1]
USBD_CDC_OtherSpeedCfgDesc
                        0x2000'00dc    0x44  Data  Lc  usbd_cdc.o [1]
USBD_CDC_ReceivePacket   0x800'657b    0x26  Code  Gb  usbd_cdc.o [1]
USBD_CDC_RegisterInterface
                         0x800'6519     0xe  Code  Gb  usbd_cdc.o [1]
USBD_CDC_SetRxBuffer     0x800'653d    0x12  Code  Gb  usbd_cdc.o [1]
USBD_CDC_SetTxBuffer     0x800'6527    0x16  Code  Gb  usbd_cdc.o [1]
USBD_CDC_Setup           0x800'637d    0xb6  Code  Lc  usbd_cdc.o [1]
USBD_CDC_TransmitPacket
                         0x800'654f    0x2c  Code  Gb  usbd_cdc.o [1]
USBD_ClrClassConfig      0x800'35bd    0x10  Code  Gb  usbd_core.o [1]
USBD_CtlContinueRx       0x800'3f9d     0x4  Code  Gb  usbd_ioreq.o [1]
USBD_CtlContinueSendData
                         0x800'3f79     0x4  Code  Gb  usbd_ioreq.o [1]
USBD_CtlError            0x800'3f0d    0x16  Code  Gb  usbd_ctlreq.o [1]
USBD_CtlPrepareRx        0x800'3f89    0x14  Code  Gb  usbd_ioreq.o [1]
USBD_CtlReceiveStatus    0x800'3fbb     0xe  Code  Gb  usbd_ioreq.o [1]
USBD_CtlSendData         0x800'3f69    0x10  Code  Gb  usbd_ioreq.o [1]
USBD_CtlSendStatus       0x800'3fad     0xe  Code  Gb  usbd_ioreq.o [1]
USBD_FS_ConfigStrDescriptor
                         0x800'6b91     0xc  Code  Gb  usbd_desc.o [1]
USBD_FS_DeviceDesc      0x2000'0158    0x14  Data  Gb  usbd_desc.o [1]
USBD_FS_DeviceDescriptor
                         0x800'6b35     0x8  Code  Gb  usbd_desc.o [1]
USBD_FS_InterfaceStrDescriptor
                         0x800'6bb9     0xc  Code  Gb  usbd_desc.o [1]
USBD_FS_LangIDStrDescriptor
                         0x800'6b3d     0x8  Code  Gb  usbd_desc.o [1]
USBD_FS_ManufacturerStrDescriptor
                         0x800'6b51     0xa  Code  Gb  usbd_desc.o [1]
USBD_FS_ProductStrDescriptor
                         0x800'6b45     0xc  Code  Gb  usbd_desc.o [1]
USBD_FS_SerialStrDescriptor
                         0x800'6b65    0x2c  Code  Gb  usbd_desc.o [1]
USBD_GetString           0x800'3f23    0x46  Code  Gb  usbd_ctlreq.o [1]
USBD_Get_USB_Status      0x800'307f    0x12  Code  Gb  usbd_conf.o [1]
USBD_Init                0x800'355d    0x26  Code  Gb  usbd_core.o [1]
USBD_Interface_fops_FS  0x2000'0128    0x14  Data  Gb  usbd_cdc_if.o [1]
USBD_LL_ClearStallEP     0x800'300d     0xc  Code  Gb  usbd_conf.o [1]
USBD_LL_CloseEP          0x800'2ff5     0xc  Code  Gb  usbd_conf.o [1]
USBD_LL_DataInStage      0x800'3697    0x98  Code  Gb  usbd_core.o [1]
USBD_LL_DataOutStage     0x800'3629    0x6e  Code  Gb  usbd_core.o [1]
USBD_LL_DevConnected     0x800'3811     0x4  Code  Gb  usbd_core.o [1]
USBD_LL_DevDisconnected
                         0x800'3815    0x1a  Code  Gb  usbd_core.o [1]
USBD_LL_GetRxDataSize    0x800'305b     0x8  Code  Gb  usbd_conf.o [1]
USBD_LL_Init             0x800'2f75    0x5a  Code  Gb  usbd_conf.o [1]
USBD_LL_IsStallEP        0x800'3019    0x1e  Code  Gb  usbd_conf.o [1]
USBD_LL_IsoINIncomplete
                         0x800'37d5    0x1e  Code  Gb  usbd_core.o [1]
USBD_LL_IsoOUTIncomplete
                         0x800'37f3    0x1e  Code  Gb  usbd_core.o [1]
USBD_LL_OpenEP           0x800'2fdf    0x16  Code  Gb  usbd_conf.o [1]
USBD_LL_PrepareReceive   0x800'304f     0xc  Code  Gb  usbd_conf.o [1]
USBD_LL_Reset            0x800'372f    0x60  Code  Gb  usbd_core.o [1]
USBD_LL_Resume           0x800'37a5    0x12  Code  Gb  usbd_core.o [1]
USBD_LL_SOF              0x800'37b7    0x1e  Code  Gb  usbd_core.o [1]
USBD_LL_SetSpeed         0x800'378f     0x6  Code  Gb  usbd_core.o [1]
USBD_LL_SetUSBAddress    0x800'3037     0xc  Code  Gb  usbd_conf.o [1]
USBD_LL_SetupStage       0x800'35cd    0x5c  Code  Gb  usbd_core.o [1]
USBD_LL_StallEP          0x800'3001     0xc  Code  Gb  usbd_conf.o [1]
USBD_LL_Start            0x800'2fcf     0xa  Code  Gb  usbd_conf.o [1]
USBD_LL_Suspend          0x800'3795    0x10  Code  Gb  usbd_core.o [1]
USBD_LL_Transmit         0x800'3043     0xc  Code  Gb  usbd_conf.o [1]
USBD_LangIDDesc         0x2000'016c     0x4  Data  Gb  usbd_desc.o [1]
USBD_ParseSetupRequest   0x800'3ee3    0x2a  Code  Gb  usbd_ctlreq.o [1]
USBD_RegisterClass       0x800'3583    0x22  Code  Gb  usbd_core.o [1]
USBD_SetClassConfig      0x800'35a9    0x14  Code  Gb  usbd_core.o [1]
USBD_SetConfig::cfgidx  0x2000'4fba     0x1  Data  Lc  usbd_ctlreq.o [1]
USBD_Start               0x800'35a5     0x4  Code  Gb  usbd_core.o [1]
USBD_StdDevReq           0x800'3aed   0x270  Code  Gb  usbd_ctlreq.o [1]
USBD_StdEPReq            0x800'3dbb   0x120  Code  Gb  usbd_ctlreq.o [1]
USBD_StdItfReq           0x800'3d6f    0x4c  Code  Gb  usbd_ctlreq.o [1]
USBD_StrDesc            0x2000'4a8c   0x200  Data  Gb  usbd_desc.o [1]
USBD_StringSerial       0x2000'0170    0x1c  Data  Gb  usbd_desc.o [1]
USBD_static_free         0x800'307d     0x2  Code  Gb  usbd_conf.o [1]
USBD_static_malloc       0x800'3063     0x4  Code  Gb  usbd_conf.o [1]
USBD_static_malloc::mem
                        0x2000'486c   0x220  Data  Lc  usbd_conf.o [1]
USB_ActivateEndpoint     0x800'2003    0x5e  Code  Gb  stm32f4xx_ll_usb.o [1]
USB_ActivateSetup        0x800'24a3    0x18  Code  Gb  stm32f4xx_ll_usb.o [1]
USB_CoreInit             0x800'1c85    0x76  Code  Gb  stm32f4xx_ll_usb.o [1]
USB_CoreReset            0x800'24ff    0x40  Code  Lc  stm32f4xx_ll_usb.o [1]
USB_DeactivateEndpoint   0x800'2071    0x4c  Code  Gb  stm32f4xx_ll_usb.o [1]
USB_DevConnect           0x800'2405    0x18  Code  Gb  stm32f4xx_ll_usb.o [1]
USB_DevDisconnect        0x800'241d    0x16  Code  Gb  stm32f4xx_ll_usb.o [1]
USB_DevInit              0x800'1e35   0x154  Code  Gb  stm32f4xx_ll_usb.o [1]
USB_DisableGlobalInt     0x800'1dd1     0x6  Code  Gb  stm32f4xx_ll_usb.o [1]
USB_EP0StartXfer         0x800'224f    0xc8  Code  Gb  stm32f4xx_ll_usb.o [1]
USB_EP0_OutStart         0x800'24bb    0x44  Code  Gb  stm32f4xx_ll_usb.o [1]
USB_EPClearStall         0x800'23b7    0x32  Code  Gb  stm32f4xx_ll_usb.o [1]
USB_EPSetStall           0x800'2387    0x30  Code  Gb  stm32f4xx_ll_usb.o [1]
USB_EPStartXfer          0x800'20f3   0x15c  Code  Gb  stm32f4xx_ll_usb.o [1]
USB_EnableGlobalInt      0x800'1dc9     0x8  Code  Gb  stm32f4xx_ll_usb.o [1]
USB_FlushRxFifo          0x800'1fb5    0x28  Code  Gb  stm32f4xx_ll_usb.o [1]
USB_FlushTxFifo          0x800'1f89    0x2c  Code  Gb  stm32f4xx_ll_usb.o [1]
USB_GetDevSpeed          0x800'1fe7    0x1c  Code  Gb  stm32f4xx_ll_usb.o [1]
USB_GetMode              0x800'249b     0x8  Code  Gb  stm32f4xx_ll_usb.o [1]
USB_ReadDevAllInEpInterrupt
                         0x800'2451     0xe  Code  Gb  stm32f4xx_ll_usb.o [1]
USB_ReadDevAllOutEpInterrupt
                         0x800'2443     0xe  Code  Gb  stm32f4xx_ll_usb.o [1]
USB_ReadDevInEPInterrupt
                         0x800'2475    0x26  Code  Gb  stm32f4xx_ll_usb.o [1]
USB_ReadDevOutEPInterrupt
                         0x800'245f    0x16  Code  Gb  stm32f4xx_ll_usb.o [1]
USB_ReadInterrupts       0x800'2439     0xa  Code  Gb  stm32f4xx_ll_usb.o [1]
USB_ReadPacket           0x800'2349    0x3e  Code  Gb  stm32f4xx_ll_usb.o [1]
USB_SetCurrentMode       0x800'1ddd    0x58  Code  Gb  stm32f4xx_ll_usb.o [1]
USB_SetDevAddress        0x800'23e9    0x16  Code  Gb  stm32f4xx_ll_usb.o [1]
USB_SetDevSpeed          0x800'1fdd     0xa  Code  Gb  stm32f4xx_ll_usb.o [1]
USB_SetTurnaroundTime    0x800'1cfb    0xce  Code  Gb  stm32f4xx_ll_usb.o [1]
USB_WritePacket          0x800'2325    0x24  Code  Gb  stm32f4xx_ll_usb.o [1]
UartPrintf               0x800'48a7    0x32  Code  Gb  usart.o [1]
UartPuts                 0x800'4861    0x46  Code  Gb  usart.o [1]
UsageFault_Handler       0x800'65ad     0x2  Code  Gb  stm32f4xx_it.o [1]
UserRxBufferFS          0x2000'29c4   0x800  Data  Gb  usbd_cdc_if.o [1]
UserTxBufferFS          0x2000'31c4   0x800  Data  Gb  usbd_cdc_if.o [1]
WiFi_DefaultProc         0x800'58e9    0xf8  Code  Gb  WiFi.o [1]
WiFi_ParsingProc         0x800'55ef    0x7a  Code  Gb  WiFi.o [1]
_Close_all               0x800'7271    0x3c  Code  Gb  xcloseall.o [2]
_Files                  0x2000'029c    0x20  Data  Gb  xfiles.o [2]
_Fofree                  0x800'7059    0x96  Code  Gb  xfofind.o [2]
_Fspos                   0x800'6c35    0xd8  Code  Gb  xfspos.o [2]
_Fwprep                  0x800'6f7f    0xb4  Code  Gb  xfwprep.o [2]
_LitobFullNoMb           0x800'0f49   0x10a  Code  Lc  xprintffull_nomb.o [2]
_Locale_lconv           0x2000'018c    0x38  Data  Lc  xlocale_c.o [2]
_Nnl                     0x800'6db9     0xc  Code  Gb  xfgpos.o [2]
_PrintfFullNoMb          0x800'0189   0xd9c  Code  Gb  xprintffull_nomb.o [2]
_Prout                   0x800'73ad    0x16  Code  Gb  xprout.o [2]
_PutcharFullNoMb         0x800'10b9    0x20  Code  Lc  xprintffull_nomb.o [2]
_PutcharsFullNoMb        0x800'10d9    0x2e  Code  Lc  xprintffull_nomb.o [2]
_SProut                  0x800'119f     0xa  Code  Gb  xsprout.o [2]
__NVIC_SetPriority       0x800'3499    0x1a  Code  Lc  stm32f4xx_hal_cortex.o [1]
__aeabi_cdcmple          0x800'12dd          Code  Gb  DblCmpLe.o [3]
__aeabi_cdrcmple         0x800'130d          Code  Gb  DblCmpGe.o [3]
__aeabi_d2iz             0x800'1479          Code  Gb  DblToS32.o [3]
__aeabi_d2uiz            0x800'1805          Code  Gb  DblToU32.o [3]
__aeabi_ddiv             0x800'15bd          Code  Gb  DblDiv.o [3]
__aeabi_dmul             0x800'1849          Code  Gb  DblMul.o [3]
__aeabi_dsub             0x800'14d9          Code  Gb  DblSub.o [3]
__aeabi_i2d              0x800'14b5          Code  Gb  S32ToDbl.o [3]
__aeabi_ldiv0            0x800'1c6d          Code  Gb  I64DivZer.o [4]
__aeabi_memclr           0x800'6755          Code  Gb  ABImemclr.o [4]
__aeabi_memclr4          0x800'3291          Code  Gb  ABImemclr4.o [4]
__aeabi_memset           0x800'675d          Code  Gb  ABImemset.o [4]
__aeabi_ui2d             0x800'182d          Code  Gb  U32ToDbl.o [3]
__basic_free             0x800'6a7b    0x16  Code  Gb  heap0.o [2]
__basic_free_intern      0x800'6a91    0x74  Code  Lc  heap0.o [2]
__basic_malloc           0x800'69d1    0x18  Code  Gb  heap0.o [2]
__basic_malloc_intern    0x800'69e9    0x92  Code  Lc  heap0.o [2]
__cexit_closeall         0x800'7387          Code  Gb  cexit.o [4]
__close                  0x800'7177    0x18  Code  Gb  close.o [5]
__cmain                  0x800'735d          Code  Gb  cmain.o [4]
__cstart_closeall        0x800'758c          Data  Gb  cstart_closeall.o [4]
__data_GetMemChunk       0x800'6b09    0x2c  Code  Gb  xgetmemchunk.o [2]
__data_GetMemChunk::start
                        0x2000'4fb4     0x4  Data  Lc  xgetmemchunk.o [2]
__dwrite                 0x800'6eed    0x1e  Code  Gb  dwrite.o [5]
__exit                   0x800'1c71    0x14  Code  Gb  exit.o [5]
__iar_Fail_s             0x800'11a9    0x1c  Code  Gb  xfail_s.o [2]
__iar_Memchr             0x800'11fd          Code  Gb  memchr.o [4]
__iar_Memset             0x800'675d          Code  Gb  ABImemset.o [4]
__iar_Memset4_word       0x800'3aad          Code  Gb  ABImemset48.o [4]
__iar_Memset8_word       0x800'3aad          Code  Gb  ABImemset48.o [4]
__iar_Memset_word        0x800'6765          Code  Gb  ABImemset.o [4]
__iar_Stderr            0x2000'0254    0x48  Data  Gb  xfiles.o [2]
__iar_Stdin             0x2000'01c4    0x48  Data  Gb  xfiles.o [2]
__iar_Stdout            0x2000'020c    0x48  Data  Gb  xfiles.o [2]
__iar_Strchr             0x800'1189          Code  Gb  strchr.o [4]
__iar_dadd               0x800'14e9          Code  Gb  DblSub.o [3]
__iar_data_init3         0x800'72ad    0x28  Code  Gb  data_init.o [4]
__iar_dsub               0x800'1b01          Code  Gb  DblAdd.o [3]
__iar_dsubStart          0x800'1b13          Code  Gb  DblAdd.o [3]
__iar_frexp              0x800'1279          Code  Gb  frexp.o [3]
__iar_frexpl             0x800'1279          Code  Gb  frexp.o [3]
__iar_init_vfp           0x800'72f9          Code  Gb  fpinit_M.o [3]
__iar_ldexp64            0x800'133d          Code  Gb  ldexp.o [3]
__iar_lz77_init_single3
                         0x800'71a3    0x78  Code  Gb  lz77_init_single.o [4]
__iar_program_start      0x800'7435          Code  Gb  cstartup_M.o [4]
__iar_scalbln64          0x800'133d          Code  Gb  ldexp.o [3]
__iar_scalbn64           0x800'133d          Code  Gb  ldexp.o [3]
__iar_sh_Discard         0x800'6e21    0x42  Code  Gb  XShHandles.o [2]
__iar_sh_Move            0x800'6e63    0x46  Code  Gb  XShHandles.o [2]
__iar_sh_Pos             0x800'6ea9    0x3e  Code  Gb  XShHandles.o [2]
__iar_sh_stdout_swo      0x800'6f0d    0x50  Code  Gb  iarwstdswo.o [5]
__iar_sh_write           0x800'6f5d    0x22  Code  Gb  iarwrite.o [5]
__iar_small_Memcpy       0x800'1259          Code  Gb  ABImemcpy_small.o [4]
__iar_small_memcpy       0x800'1255          Code  Gb  ABImemcpy_small.o [4]
__iar_small_memcpy4      0x800'1255          Code  Gb  ABImemcpy_small.o [4]
__iar_small_memcpy8      0x800'1255          Code  Gb  ABImemcpy_small.o [4]
__iar_small_strlen       0x800'11e9          Code  Gb  strlen_small.o [4]
__iar_small_uldivmod     0x800'19f5          Code  Gb  I64DivMod_small.o [4]
__iar_softfp___iar_frexp64
                         0x800'126d          Code  Gb  frexp.o [3]
__iar_softfp_frexp       0x800'126d          Code  Gb  frexp.o [3]
__iar_softfp_frexpl      0x800'126d          Code  Gb  frexp.o [3]
__iar_zero_init3         0x800'114f    0x3a  Code  Gb  zero_init3.o [4]
__low_level_init         0x800'737b     0x4  Code  Gb  low_level_init.o [2]
__lseek                  0x800'6dc5    0x4a  Code  Gb  lseek.o [5]
__vector_table           0x800'0000          Data  Gb  startup_stm32f407xx.o [1]
__write                  0x800'6e0f    0x10  Code  Gb  write.o [5]
_call_main               0x800'7369          Code  Gb  cmain.o [4]
_exit                    0x800'7385          Code  Gb  cexit.o [4]
_main                    0x800'7377          Code  Gb  cmain.o [4]
aSSD                    0x2000'4024   0x170  Data  Gb  WiFi.o [1]
abort                    0x800'1afb     0x6  Code  Gb  abort.o [2]
board_id_               0x2000'4fac     0x4  Data  Gb  main.o [1]
cmdPack                 0x2000'39c4   0x618  Data  Lc  WiFi.o [1]
ebuf                    0x2000'4d68    0x50  Data  Lc  xfiles.o [2]
exit                     0x800'737f     0x4  Code  Gb  exit.o [2]
fclose                   0x800'70f9    0x7e  Code  Gb  fclose.o [2]
fflush                   0x800'6d81    0x34  Code  Gb  fflush.o [2]
fflushOne                0x800'6d0d    0x74  Code  Lc  fflush.o [2]
fputc                    0x800'721b    0x54  Code  Gb  fputc.o [2]
free                     0x800'70f5     0x4  Code  Gb  heaptramp0.o [2]
fseek                    0x800'7033    0x24  Code  Gb  fseek.o [2]
gUarts                  0x2000'02bc  0x2508  Data  Gb  usart.o [1]
gvReceiveMode           0x2000'4fb8     0x2  Data  Gb  WiFi.o [1]
hUsbDeviceFS            0x2000'459c   0x2d0  Data  Gb  usb_device.o [1]
hpcd_USB_OTG_FS         0x2000'4194   0x408  Data  Gb  usbd_conf.o [1]
htim4                   0x2000'4e08    0x48  Data  Gb  tim.o [1]
huart1                  0x2000'4e94    0x44  Data  Gb  usart.o [1]
huart2                  0x2000'4ed8    0x44  Data  Gb  usart.o [1]
huart3                  0x2000'4f1c    0x44  Data  Gb  usart.o [1]
huart4                  0x2000'4d0c    0x44  Data  Gb  usart.o [1]
huart5                  0x2000'4e50    0x44  Data  Gb  usart.o [1]
huart6                  0x2000'4f60    0x44  Data  Gb  usart.o [1]
ldexp                    0x800'133d          Code  Gb  ldexp.o [3]
ldexpl                   0x800'133d          Code  Gb  ldexp.o [3]
localeconv               0x800'19ed     0x4  Code  Gb  xlocale_c.o [2]
main                     0x800'3831   0x114  Code  Gb  main.o [1]
memchr                   0x800'11fd          Code  Gb  memchr.o [4]
memset                   0x800'5f99    0x14  Code  Gb  memset.o [4]
obuf                    0x2000'4db8    0x50  Data  Lc  xfiles.o [2]
pUartHandleArray        0x2000'4d50    0x18  Data  Gb  usart.o [1]
printf                   0x800'623d    0x28  Code  Gb  printf.o [2]
putchar                  0x800'73c5     0xc  Code  Gb  putchar.o [2]
remove                   0x800'718f    0x14  Code  Gb  remove.o [5]
rspTable                 0x800'67d4   0x114  Data  Gb  WiFi.o [1]
sFileInfo               0x2000'4c8c    0x80  Data  Lc  XShHandles.o [2]
scalbln                  0x800'133d          Code  Gb  ldexp.o [3]
scalblnl                 0x800'133d          Code  Gb  ldexp.o [3]
scalbn                   0x800'133d          Code  Gb  ldexp.o [3]
scalbnl                  0x800'133d          Code  Gb  ldexp.o [3]
scale                    0x800'1053    0x46  Code  Lc  xprintffull_nomb.o [2]
sec_hand                0x2000'4fb0     0x4  Data  Lc  xfail_s.o [2]
sprintf                  0x800'66ed    0x40  Code  Gb  sprintf.o [2]
strchr                   0x800'1189          Code  Gb  strchr.o [4]
strncmp                  0x800'672d    0x28  Code  Gb  strncmp.o [2]
szPassword               0x800'5c34    0x10  Data  Gb  WiFi.o [1]
szSSID                   0x800'5c2c     0x8  Data  Gb  WiFi.o [1]
szTestServerAddress      0x800'5c1c    0x10  Data  Gb  WiFi.o [1]
uartBuffer_             0x2000'27c4   0x200  Data  Gb  usart.o [1]
uwTick                  0x2000'0004     0x4  Data  Gb  stm32f4xx_hal.o [1]
uwTickFreq              0x2000'0000     0x1  Data  Gb  stm32f4xx_hal.o [1]
uwTickPrio              0x2000'0008     0x4  Data  Gb  stm32f4xx_hal.o [1]
vsprintf                 0x800'6265    0x34  Code  Gb  vsprintf.o [2]
wsd                     0x2000'3fdc    0x48  Data  Gb  WiFi.o [1]


[1] = D:\Work\MyProject\STM32_Project\STM32F407_WIFI_SENSOR\EWARM\STM32F407_WIFI_SENSOR\Obj
[2] = dl7M_tlf.a
[3] = m7M_tls.a
[4] = rt7M_tl.a
[5] = shb_l.a

  29'361 bytes of readonly  code memory
   1'052 bytes of readonly  data memory
  21'947 bytes of readwrite data memory

Errors: none
Warnings: none
